Warning: Could not load sageattention: No module named 'sageattention'
sageattention package is not installed
flash attn 2 available False
flash attn 3 available False
sage attn available False
SAGEATTN_AVAILABLE: False
Traceback (most recent call last):
  File "/rscratch/yuezhouhu/realtime-video/sample_run.py", line 3, in <module>
    from release_server import GenerateParams
  File "/rscratch/yuezhouhu/realtime-video/release_server.py", line 61, in <module>
    import ImageReward as RM
  File "/rscratch/yuezhouhu/ImageReward/ImageReward/__init__.py", line 1, in <module>
    from .utils import *
  File "/rscratch/yuezhouhu/ImageReward/ImageReward/utils.py", line 19, in <module>
    from .ImageReward import ImageReward
  File "/rscratch/yuezhouhu/ImageReward/ImageReward/ImageReward.py", line 16, in <module>
    from .models.BLIP.blip_pretrain import BLIP_Pretrain
  File "/rscratch/yuezhouhu/ImageReward/ImageReward/models/__init__.py", line 1, in <module>
    from .AestheticScore import *
  File "/rscratch/yuezhouhu/ImageReward/ImageReward/models/AestheticScore.py", line 16, in <module>
    import clip
ModuleNotFoundError: No module named 'clip'
